
> theremin@0.0.0 start
> ng serve --host 127.0.0.1 --port 4200

Node.js version v25.2.1 detected.
Odd numbered Node.js versions will not enter LTS status and should not be used for production. For more information, please see https://nodejs.org/en/about/previous-releases/.
❯ Building...
✔ Building...
Browser bundles     
Initial chunk files  | Names             |  Raw size
main.js              | main              |  18.66 kB | 
styles.css           | styles            |  17.83 kB | 
chunk-YQOESBWP.js    | -                 | 754 bytes | 
chunk-DOD3CBTC.js    | -                 | 309 bytes | 

                     | Initial total     |  37.56 kB

Lazy chunk files     | Names             |  Raw size
chunk-2FUQGIKA.js    | play-routes       |  19.66 kB | 
chunk-7AIBNRAM.js    | settings-routes   |  14.04 kB | 
chunk-2NQGTPLW.js    | recordings-routes |   9.38 kB | 
chunk-SST2XNV5.js    | about-routes      |   4.89 kB | 
chunk-KGNIKSFN.js    | -                 |   1.10 kB | 


Server bundles      
Initial chunk files  | Names             |  Raw size
main.server.mjs      | main.server       |  19.94 kB | 
server.mjs           | server            |   1.81 kB | 
chunk-FFILDKJJ.mjs   | -                 | 788 bytes | 
chunk-QEF7FLOE.mjs   | -                 | 344 bytes | 
polyfills.server.mjs | polyfills.server  | 243 bytes | 

Lazy chunk files     | Names             |  Raw size
chunk-3OKFAZAQ.mjs   | play-routes       |  19.69 kB | 
chunk-DA2VTCEL.mjs   | settings-routes   |  14.07 kB | 
chunk-IEWKSU37.mjs   | recordings-routes |   9.41 kB | 
chunk-KSLEOQV5.mjs   | about-routes      |   4.92 kB | 
chunk-EQWC4JJI.mjs   | -                 |   1.14 kB | 

Application bundle generation complete. [1.151 seconds] - 2025-12-21T19:03:13.498Z

Watch mode enabled. Watching for file changes...
NOTE: Raw file sizes do not reflect development server per-request transformations.
  ➜  Local:   http://127.0.0.1:4200/
NG02801: Angular detected that `HttpClient` is not configured to use `fetch` APIs. It's strongly recommended to enable `fetch` for applications that use Server-Side Rendering for better performance and compatibility. To enable `fetch`, add the `withFetch()` to the `provideHttpClient()` call at the root of the application.
(node:34556) [DEP0169] DeprecationWarning: `url.parse()` behavior is not standardized and prone to errors that have security implications. Use the WHATWG URL API instead. CVEs are not issued for `url.parse()` vulnerabilities.
(Use `node --trace-deprecation ...` to show where the warning was created)
❯ Changes detected. Rebuilding...
✔ Changes detected. Rebuilding...
Browser bundles     
Initial chunk files  | Names             |  Raw size
main.js              | main              |  18.66 kB | 
styles.css           | styles            |  17.83 kB | 
chunk-YQOESBWP.js    | -                 | 754 bytes | 
chunk-DOD3CBTC.js    | -                 | 309 bytes | 

                     | Initial total     |  37.56 kB

Lazy chunk files     | Names             |  Raw size
chunk-2FUQGIKA.js    | play-routes       |  19.66 kB | 
chunk-7AIBNRAM.js    | settings-routes   |  14.04 kB | 
chunk-2NQGTPLW.js    | recordings-routes |   9.38 kB | 
chunk-SST2XNV5.js    | about-routes      |   4.89 kB | 
chunk-KGNIKSFN.js    | -                 |   1.10 kB | 


Server bundles      
Initial chunk files  | Names             |  Raw size
main.server.mjs      | main.server       |  19.94 kB | 
server.mjs           | server            |   1.81 kB | 
chunk-FFILDKJJ.mjs   | -                 | 788 bytes | 
chunk-QEF7FLOE.mjs   | -                 | 344 bytes | 
polyfills.server.mjs | polyfills.server  | 243 bytes | 

Lazy chunk files     | Names             |  Raw size
chunk-3OKFAZAQ.mjs   | play-routes       |  19.69 kB | 
chunk-DA2VTCEL.mjs   | settings-routes   |  14.07 kB | 
chunk-IEWKSU37.mjs   | recordings-routes |   9.41 kB | 
chunk-KSLEOQV5.mjs   | about-routes      |   4.92 kB | 
chunk-EQWC4JJI.mjs   | -                 |   1.14 kB | 

Application bundle generation complete. [0.022 seconds] - 2025-12-21T19:04:54.075Z

❯ Changes detected. Rebuilding...
✔ Changes detected. Rebuilding...
Browser bundles     
Initial chunk files  | Names             |  Raw size
main.js              | main              |  18.66 kB | 
styles.css           | styles            |  17.83 kB | 
chunk-YQOESBWP.js    | -                 | 754 bytes | 
chunk-DOD3CBTC.js    | -                 | 309 bytes | 

                     | Initial total     |  37.56 kB

Lazy chunk files     | Names             |  Raw size
chunk-2FUQGIKA.js    | play-routes       |  19.66 kB | 
chunk-7AIBNRAM.js    | settings-routes   |  14.04 kB | 
chunk-2NQGTPLW.js    | recordings-routes |   9.38 kB | 
chunk-SST2XNV5.js    | about-routes      |   4.89 kB | 
chunk-KGNIKSFN.js    | -                 |   1.10 kB | 


Server bundles      
Initial chunk files  | Names             |  Raw size
main.server.mjs      | main.server       |  19.94 kB | 
server.mjs           | server            |   1.81 kB | 
chunk-FFILDKJJ.mjs   | -                 | 788 bytes | 
chunk-QEF7FLOE.mjs   | -                 | 344 bytes | 
polyfills.server.mjs | polyfills.server  | 243 bytes | 

Lazy chunk files     | Names             |  Raw size
chunk-3OKFAZAQ.mjs   | play-routes       |  19.69 kB | 
chunk-DA2VTCEL.mjs   | settings-routes   |  14.07 kB | 
chunk-IEWKSU37.mjs   | recordings-routes |   9.41 kB | 
chunk-KSLEOQV5.mjs   | about-routes      |   4.92 kB | 
chunk-EQWC4JJI.mjs   | -                 |   1.14 kB | 

Application bundle generation complete. [0.016 seconds] - 2025-12-21T19:05:41.571Z

